Component: ARM Compiler 5.05 update 1 (build 106) Tool: armlink [4d0efa]

==============================================================================

Section Cross References

    main.o(.text) refers to _printf_percent.o(.ARM.Collect$$_printf_percent$$00000000) for _printf_percent
    main.o(.text) refers to _printf_d.o(.ARM.Collect$$_printf_percent$$00000009) for _printf_d
    main.o(.text) refers to _printf_dec.o(.text) for _printf_int_dec
    main.o(.text) refers to noretval__2sprintf.o(.text) for __2sprintf
    main.o(.text) refers to lcd.o(.text) for LCD_ShowString
    main.o(.text) refers to os_task.o(.text) for OSTaskSuspend
    main.o(.text) refers to os_time.o(.text) for OSTimeDlyHMSM
    main.o(.text) refers to key.o(.text) for KEY_Scan
    main.o(.text) refers to os_core.o(.text) for OSStatInit
    main.o(.text) refers to os_cpu_a.o(.text) for OS_CPU_SR_Save
    main.o(.text) refers to lwip_comm.o(.text) for lwip_comm_dhcp_creat
    main.o(.text) refers to delay.o(.text) for delay_init
    main.o(.text) refers to misc.o(.text) for NVIC_PriorityGroupConfig
    main.o(.text) refers to usart.o(.text) for uart_init
    main.o(.text) refers to led.o(.text) for LED_Init
    main.o(.text) refers to sram.o(.text) for FSMC_SRAM_Init
    main.o(.text) refers to malloc.o(.text) for mymem_init
    main.o(.text) refers to tcp_server_demo.o(.text) for tcp_server_init
    main.o(.text) refers to lwip_comm.o(.bss) for lwipdev
    main.o(.text) refers to tcp_server_demo.o(.data) for tcp_server_flag
    main.o(.text) refers to main.o(.bss) for LED_TASK_STK
    main.o(.text) refers to usmart_config.o(.data) for usmart_dev
    main.o(.text) refers to lcd.o(.data) for POINT_COLOR
    system_stm32f4xx.o(.text) refers to system_stm32f4xx.o(.data) for SystemCoreClock
    key.o(.text) refers to stm32f4xx_rcc.o(.text) for RCC_AHB1PeriphClockCmd
    key.o(.text) refers to stm32f4xx_gpio.o(.text) for GPIO_Init
    key.o(.text) refers to delay.o(.text) for delay_ms
    key.o(.text) refers to key.o(.data) for key_up
    led.o(.text) refers to stm32f4xx_rcc.o(.text) for RCC_AHB1PeriphClockCmd
    led.o(.text) refers to stm32f4xx_gpio.o(.text) for GPIO_Init
    timer.o(.text) refers to stm32f4xx_rcc.o(.text) for RCC_APB1PeriphClockCmd
    timer.o(.text) refers to stm32f4xx_tim.o(.text) for TIM_TimeBaseInit
    timer.o(.text) refers to misc.o(.text) for NVIC_Init
    lcd.o(.text) refers to _printf_percent.o(.ARM.Collect$$_printf_percent$$00000000) for _printf_percent
    lcd.o(.text) refers to _printf_x.o(.ARM.Collect$$_printf_percent$$0000000C) for _printf_x
    lcd.o(.text) refers to _printf_hex_int.o(.text) for _printf_longlong_hex
    lcd.o(.text) refers to delay.o(.text) for delay_us
    lcd.o(.text) refers to lcd.o(.bss) for lcddev
    lcd.o(.text) refers to lcd.o(.data) for POINT_COLOR
    lcd.o(.text) refers to dflt_clz.o(x$fpl$dfltu) for __aeabi_ui2d
    lcd.o(.text) refers to dmul.o(x$fpl$dmul) for __aeabi_dmul
    lcd.o(.text) refers to dfixu.o(x$fpl$dfixu) for __aeabi_d2uiz
    lcd.o(.text) refers to stm32f4xx_rcc.o(.text) for RCC_AHB1PeriphClockCmd
    lcd.o(.text) refers to stm32f4xx_gpio.o(.text) for GPIO_Init
    lcd.o(.text) refers to stm32f4xx_fsmc.o(.text) for FSMC_NORSRAMInit
    lcd.o(.text) refers to noretval__2printf.o(.text) for __2printf
    lcd.o(.text) refers to lcd.o(.constdata) for asc2_1206
    lan8720.o(.text) refers to stm32f4xx_rcc.o(.text) for RCC_AHB1PeriphClockCmd
    lan8720.o(.text) refers to stm32f4x7_eth.o(.text) for ETH_DeInit
    lan8720.o(.text) refers to misc.o(.text) for NVIC_Init
    lan8720.o(.text) refers to stm32f4xx_syscfg.o(.text) for SYSCFG_ETH_MediaInterfaceConfig
    lan8720.o(.text) refers to stm32f4xx_gpio.o(.text) for GPIO_Init
    lan8720.o(.text) refers to delay.o(.text) for delay_ms
    lan8720.o(.text) refers to lwip_comm.o(.text) for lwip_pkt_handle
    lan8720.o(.text) refers to malloc.o(.text) for myfree
    lan8720.o(.text) refers to stm32f4x7_eth.o(.data) for DMARxDescToGet
    lan8720.o(.text) refers to lan8720.o(.data) for DMARxDscrTab
    sram.o(.text) refers to stm32f4xx_rcc.o(.text) for RCC_AHB1PeriphClockCmd
    sram.o(.text) refers to stm32f4xx_gpio.o(.text) for GPIO_Init
    sram.o(.text) refers to stm32f4xx_fsmc.o(.text) for FSMC_NORSRAMInit
    startup_stm32f40_41xxx.o(STACK) refers (Special) to heapauxi.o(.text) for __use_two_region_memory
    startup_stm32f40_41xxx.o(HEAP) refers (Special) to heapauxi.o(.text) for __use_two_region_memory
    startup_stm32f40_41xxx.o(RESET) refers (Special) to heapauxi.o(.text) for __use_two_region_memory
    startup_stm32f40_41xxx.o(RESET) refers to startup_stm32f40_41xxx.o(STACK) for __initial_sp
    startup_stm32f40_41xxx.o(RESET) refers to startup_stm32f40_41xxx.o(.text) for Reset_Handler
    startup_stm32f40_41xxx.o(RESET) refers to stm32f4xx_it.o(.text) for NMI_Handler
    startup_stm32f40_41xxx.o(RESET) refers to os_cpu_a.o(.text) for PendSV_Handler
[...]
    ETH_GetDMAFlagStatus                     0x08008515   Thumb Code    20  stm32f4x7_eth.o(.text)
    ETH_DMAClearFlag                         0x08008529   Thumb Code     6  stm32f4x7_eth.o(.text)
    ETH_DMAITConfig                          0x0800852f   Thumb Code    26  stm32f4x7_eth.o(.text)
    ETH_GetDMAITStatus                       0x08008549   Thumb Code    20  stm32f4x7_eth.o(.text)
    ETH_DMAClearITPendingBit                 0x0800855d   Thumb Code     6  stm32f4x7_eth.o(.text)
    ETH_GetTransmitProcessState              0x08008563   Thumb Code    10  stm32f4x7_eth.o(.text)
    ETH_GetReceiveProcessState               0x0800856d   Thumb Code    10  stm32f4x7_eth.o(.text)
    ETH_GetFlushTransmitFIFOStatus           0x08008577   Thumb Code    20  stm32f4x7_eth.o(.text)
    ETH_GetDMAOverflowStatus                 0x0800858b   Thumb Code    20  stm32f4x7_eth.o(.text)
    ETH_GetRxOverflowMissedFrameCounter      0x0800859f   Thumb Code    10  stm32f4x7_eth.o(.text)
    ETH_GetBufferUnavailableMissedFrameCounter 0x080085a9   Thumb Code     8  stm32f4x7_eth.o(.text)
    ETH_GetCurrentTxDescStartAddress         0x080085b1   Thumb Code     6  stm32f4x7_eth.o(.text)
    ETH_GetCurrentRxDescStartAddress         0x080085b7   Thumb Code     6  stm32f4x7_eth.o(.text)
    ETH_GetCurrentTxBufferAddress            0x080085bd   Thumb Code     6  stm32f4x7_eth.o(.text)
    ETH_GetCurrentRxBufferAddress            0x080085c3   Thumb Code     6  stm32f4x7_eth.o(.text)
    ETH_ResumeDMATransmission                0x080085c9   Thumb Code     8  stm32f4x7_eth.o(.text)
    ETH_ResumeDMAReception                   0x080085d1   Thumb Code     8  stm32f4x7_eth.o(.text)
    ETH_SetReceiveWatchdogTimer              0x080085d9   Thumb Code     6  stm32f4x7_eth.o(.text)
    ETH_PHYLoopBackCmd                       0x080085df   Thumb Code    52  stm32f4x7_eth.o(.text)
    ETH_ResetWakeUpFrameFilterRegisterPointer 0x08008613   Thumb Code    14  stm32f4x7_eth.o(.text)
    ETH_SetWakeUpFrameFilterRegister         0x08008621   Thumb Code    24  stm32f4x7_eth.o(.text)
    ETH_GlobalUnicastWakeUpCmd               0x08008639   Thumb Code    30  stm32f4x7_eth.o(.text)
    ETH_GetPMTFlagStatus                     0x08008657   Thumb Code    20  stm32f4x7_eth.o(.text)
    ETH_WakeUpFrameDetectionCmd              0x0800866b   Thumb Code    30  stm32f4x7_eth.o(.text)
    ETH_MagicPacketDetectionCmd              0x08008689   Thumb Code    30  stm32f4x7_eth.o(.text)
    ETH_PowerDownCmd                         0x080086a7   Thumb Code    50  stm32f4x7_eth.o(.text)
    ETH_MMCCounterFullPreset                 0x080086d9   Thumb Code    16  stm32f4x7_eth.o(.text)
    ETH_MMCCounterHalfPreset                 0x080086e9   Thumb Code    30  stm32f4x7_eth.o(.text)
    ETH_MMCCounterFreezeCmd                  0x08008707   Thumb Code    34  stm32f4x7_eth.o(.text)
    ETH_MMCResetOnReadCmd                    0x08008729   Thumb Code    34  stm32f4x7_eth.o(.text)
    ETH_MMCCounterRolloverCmd                0x0800874b   Thumb Code    34  stm32f4x7_eth.o(.text)
    ETH_MMCCountersReset                     0x0800876d   Thumb Code    16  stm32f4x7_eth.o(.text)
    ETH_MMCITConfig                          0x0800877d   Thumb Code    78  stm32f4x7_eth.o(.text)
    ETH_GetMMCITStatus                       0x080087cb   Thumb Code    66  stm32f4x7_eth.o(.text)
    ETH_GetMMCRegister                       0x0800880d   Thumb Code     8  stm32f4x7_eth.o(.text)
    FSMC_NORSRAMDeInit                       0x0800881d   Thumb Code    54  stm32f4xx_fsmc.o(.text)
    FSMC_NORSRAMInit                         0x08008853   Thumb Code   230  stm32f4xx_fsmc.o(.text)
    FSMC_NORSRAMStructInit                   0x08008939   Thumb Code    48  stm32f4xx_fsmc.o(.text)
    FSMC_NORSRAMCmd                          0x08008969   Thumb Code    46  stm32f4xx_fsmc.o(.text)
    FSMC_NANDDeInit                          0x08008997   Thumb Code    62  stm32f4xx_fsmc.o(.text)
    FSMC_NANDInit                            0x080089d5   Thumb Code   132  stm32f4xx_fsmc.o(.text)
    FSMC_NANDStructInit                      0x08008a59   Thumb Code    54  stm32f4xx_fsmc.o(.text)
    FSMC_NANDCmd                             0x08008a8f   Thumb Code    86  stm32f4xx_fsmc.o(.text)
    FSMC_NANDECCCmd                          0x08008ae5   Thumb Code    86  stm32f4xx_fsmc.o(.text)
    FSMC_GetECC                              0x08008b3b   Thumb Code    24  stm32f4xx_fsmc.o(.text)
    FSMC_PCCARDDeInit                        0x08008b53   Thumb Code    36  stm32f4xx_fsmc.o(.text)
    FSMC_PCCARDInit                          0x08008b77   Thumb Code   130  stm32f4xx_fsmc.o(.text)
    FSMC_PCCARDStructInit                    0x08008bf9   Thumb Code    60  stm32f4xx_fsmc.o(.text)
    FSMC_PCCARDCmd                           0x08008c35   Thumb Code    44  stm32f4xx_fsmc.o(.text)
    FSMC_ITConfig                            0x08008c61   Thumb Code   128  stm32f4xx_fsmc.o(.text)
    FSMC_GetFlagStatus                       0x08008ce1   Thumb Code    54  stm32f4xx_fsmc.o(.text)
    FSMC_ClearFlag                           0x08008d17   Thumb Code    74  stm32f4xx_fsmc.o(.text)
    FSMC_GetITStatus                         0x08008d61   Thumb Code    62  stm32f4xx_fsmc.o(.text)
    FSMC_ClearITPendingBit                   0x08008d9f   Thumb Code    66  stm32f4xx_fsmc.o(.text)
    delay_schedlock                          0x08008de5   Thumb Code     8  delay.o(.text)
    delay_schedunlock                        0x08008ded   Thumb Code     8  delay.o(.text)
    delay_ostimedly                          0x08008df5   Thumb Code    12  delay.o(.text)
    SysTick_Handler                          0x08008e01   Thumb Code    24  delay.o(.text)
    delay_init                               0x08008e19   Thumb Code    76  delay.o(.text)
    delay_us                                 0x08008e65   Thumb Code    86  delay.o(.text)
    delay_ms                                 0x08008ebb   Thumb Code    66  delay.o(.text)
    _sys_exit                                0x08008f0d   Thumb Code     4  usart.o(.text)
    fputc                                    0x08008f11   Thumb Code    22  usart.o(.text)
    uart_init                                0x08008f27   Thumb Code   172  usart.o(.text)
    USART1_IRQHandler                        0x08008fd3   Thumb Code   130  usart.o(.text)
    usmart_sys_cmd_exe                       0x08009065   Thumb Code  1554  usmart.o(.text)
    usmart_reset_runtime                     0x08009677   Thumb Code    38  usmart.o(.text)
    usmart_get_runtime                       0x0800969d   Thumb Code    56  usmart.o(.text)
    TIM4_IRQHandler                          0x080096d5   Thumb Code    50  usmart.o(.text)
    Timer4_Init                              0x08009707   Thumb Code    90  usmart.o(.text)
    usmart_init                              0x08009761   Thumb Code    36  usmart.o(.text)
    usmart_cmd_rec                           0x08009785   Thumb Code   170  usmart.o(.text)
    usmart_exe                               0x0800982f   Thumb Code   872  usmart.o(.text)
    usmart_scan                              0x08009b97   Thumb Code   120  usmart.o(.text)
    read_addr                                0x08009c0f   Thumb Code     6  usmart.o(.text)
    write_addr                               0x08009c15   Thumb Code     4  usmart.o(.text)
    usmart_strcmp                            0x08009ca1   Thumb Code    34  usmart_str.o(.text)
    usmart_strcopy                           0x08009cc3   Thumb Code    22  usmart_str.o(.text)
    usmart_strlen                            0x08009cd9   Thumb Code    24  usmart_str.o(.text)
    usmart_pow                               0x08009cf1   Thumb Code    22  usmart_str.o(.text)
    usmart_str2num                           0x08009d07   Thumb Code   202  usmart_str.o(.text)
    usmart_get_cmdname                       0x08009dd1   Thumb Code    54  usmart_str.o(.text)
    usmart_search_nextc                      0x08009e07   Thumb Code    22  usmart_str.o(.text)
    usmart_get_fname                         0x08009e1d   Thumb Code   440  usmart_str.o(.text)
    usmart_get_aparm                         0x08009fd5   Thumb Code   200  usmart_str.o(.text)
    usmart_get_parmpos                       0x0800a09d   Thumb Code    26  usmart_str.o(.text)
    usmart_get_fparam                        0x0800a0b7   Thumb Code   262  usmart_str.o(.text)
    lwip_pkt_handle                          0x0800a1c9   Thumb Code    10  lwip_comm.o(.text)
    lwip_comm_mem_free                       0x0800a1d3   Thumb Code    44  lwip_comm.o(.text)
    lwip_comm_mem_malloc                     0x0800a1ff   Thumb Code   100  lwip_comm.o(.text)
    lwip_comm_default_ip_set                 0x0800a263   Thumb Code    90  lwip_comm.o(.text)
    lwip_comm_init                           0x0800a2bd   Thumb Code   118  lwip_comm.o(.text)
    lwip_comm_dhcp_delete                    0x0800a333   Thumb Code    16  lwip_comm.o(.text)
    lwip_dhcp_task                           0x0800a343   Thumb Code   420  lwip_comm.o(.text)
    lwip_comm_dhcp_creat                     0x0800a4e7   Thumb Code    36  lwip_comm.o(.text)
    tcp_server_init                          0x0800a85f   Thumb Code    32  tcp_server_demo.o(.text)
    etharp_tmr                               0x0800a97d   Thumb Code   144  etharp.o(.text)
    etharp_cleanup_netif                     0x0800ae5b   Thumb Code    52  etharp.o(.text)
    etharp_find_addr                         0x0800ae8f   Thumb Code   110  etharp.o(.text)
    etharp_request                           0x0800b16f   Thumb Code    40  etharp.o(.text)
    etharp_query                             0x0800b225   Thumb Code   646  etharp.o(.text)
    etharp_output                            0x0800b4ab   Thumb Code   392  etharp.o(.text)
    ethernet_input                           0x0800b633   Thumb Code   204  etharp.o(.text)
    ethernetif_input                         0x0800b8cb   Thumb Code    48  ethernetif.o(.text)
    ethernetif_init                          0x0800b8fb   Thumb Code    56  ethernetif.o(.text)
    icmp_input                               0x0800b9b9   Thumb Code   492  icmp.o(.text)
    icmp_dest_unreach                        0x0800bc45   Thumb Code    18  icmp.o(.text)
    icmp_time_exceeded                       0x0800bc57   Thumb Code    18  icmp.o(.text)
    inet_chksum_pseudo                       0x0800be3b   Thumb Code   170  inet_chksum.o(.text)
    inet_chksum_pseudo_partial               0x0800bee5   Thumb Code   218  inet_chksum.o(.text)
    inet_chksum                              0x0800bfbf   Thumb Code    20  inet_chksum.o(.text)
    inet_chksum_pbuf                         0x0800bfd3   Thumb Code    86  inet_chksum.o(.text)
    ip_route                                 0x0800c091   Thumb Code    80  ip.o(.text)
    ip_input                                 0x0800c0e1   Thumb Code   484  ip.o(.text)
    ip_output_if                             0x0800c2c5   Thumb Code   252  ip.o(.text)
    ip_output                                0x0800c3c1   Thumb Code    84  ip.o(.text)
    ip4_addr_isbroadcast                     0x0800c4c1   Thumb Code    78  ip_addr.o(.text)
    ip4_addr_netmask_valid                   0x0800c50f   Thumb Code    56  ip_addr.o(.text)
    ipaddr_aton                              0x0800c547   Thumb Code   364  ip_addr.o(.text)
    ipaddr_addr                              0x0800c6b3   Thumb Code    24  ip_addr.o(.text)
    ipaddr_ntoa_r                            0x0800c6cb   Thumb Code   168  ip_addr.o(.text)
    ipaddr_ntoa                              0x0800c773   Thumb Code    16  ip_addr.o(.text)
    ip_reass_tmr                             0x0800c93d   Thumb Code    56  ip_frag.o(.text)
    ip_reass                                 0x0800cd79   Thumb Code   410  ip_frag.o(.text)
    ip_frag                                  0x0800cf99   Thumb Code   630  ip_frag.o(.text)
    lwip_htons                               0x0800d215   Thumb Code    12  def.o(.text)
    lwip_ntohs                               0x0800d221   Thumb Code    12  def.o(.text)
    lwip_htonl                               0x0800d22d   Thumb Code    26  def.o(.text)
    lwip_ntohl                               0x0800d247   Thumb Code    12  def.o(.text)
    dhcp_renew                               0x0800db31   Thumb Code   150  dhcp.o(.text)
    dhcp_coarse_tmr                          0x0800dcfd   Thumb Code    74  dhcp.o(.text)
    dhcp_release                             0x0800ddfb   Thumb Code   178  dhcp.o(.text)
    dhcp_fine_tmr                            0x0800e0a1   Thumb Code   132  dhcp.o(.text)
    dhcp_set_struct                          0x0800e195   Thumb Code   106  dhcp.o(.text)
    dhcp_cleanup                             0x0800e1ff   Thumb Code    48  dhcp.o(.text)
    dhcp_stop                                0x0800e22f   Thumb Code   112  dhcp.o(.text)
    dhcp_start                               0x0800e8fd   Thumb Code   438  dhcp.o(.text)
    dhcp_inform                              0x0800eab3   Thumb Code   210  dhcp.o(.text)
    dhcp_network_changed                     0x0800eb85   Thumb Code    80  dhcp.o(.text)
    dhcp_arp_reply                           0x0800ec63   Thumb Code    80  dhcp.o(.text)
    lwip_init                                0x0800ecc1   Thumb Code    36  init.o(.text)
    memp_get_memorysize                      0x0800ece5   Thumb Code     8  memp.o(.text)
    memp_init                                0x0800eced   Thumb Code    86  memp.o(.text)
    memp_malloc                              0x0800ed43   Thumb Code   104  memp.o(.text)
    memp_free                                0x0800edab   Thumb Code    74  memp.o(.text)
    netif_init                               0x0800eeb9   Thumb Code     2  netif.o(.text)
    netif_set_gw                             0x0800eebb   Thumb Code    16  netif.o(.text)
    netif_set_netmask                        0x0800eecb   Thumb Code    16  netif.o(.text)
    netif_set_ipaddr                         0x0800eedb   Thumb Code   124  netif.o(.text)
    netif_set_addr                           0x0800ef57   Thumb Code    40  netif.o(.text)
    netif_add                                0x0800ef7f   Thumb Code   148  netif.o(.text)
    netif_set_default                        0x0800f013   Thumb Code    10  netif.o(.text)
    netif_set_down                           0x0800f01d   Thumb Code    42  netif.o(.text)
    netif_remove                             0x0800f047   Thumb Code    94  netif.o(.text)
    netif_find                               0x0800f0a5   Thumb Code    72  netif.o(.text)
    netif_set_up                             0x0800f0ed   Thumb Code    54  netif.o(.text)
    netif_set_link_up                        0x0800f123   Thumb Code    66  netif.o(.text)
    netif_set_link_down                      0x0800f165   Thumb Code    24  netif.o(.text)
    pbuf_free                                0x0800f1f9   Thumb Code   272  pbuf.o(.text)
    pbuf_alloc                               0x0800f309   Thumb Code   652  pbuf.o(.text)
    pbuf_alloced_custom                      0x0800f595   Thumb Code   656  pbuf.o(.text)
    pbuf_realloc                             0x0800f825   Thumb Code   268  pbuf.o(.text)
    pbuf_header                              0x0800f931   Thumb Code   214  pbuf.o(.text)
    pbuf_clen                                0x0800fa07   Thumb Code    18  pbuf.o(.text)
    pbuf_ref                                 0x0800fa19   Thumb Code    26  pbuf.o(.text)
    pbuf_cat                                 0x0800fa33   Thumb Code   138  pbuf.o(.text)
    pbuf_chain                               0x0800fabd   Thumb Code    26  pbuf.o(.text)
    pbuf_dechain                             0x0800fad7   Thumb Code   132  pbuf.o(.text)
    pbuf_copy                                0x0800fb5b   Thumb Code   790  pbuf.o(.text)
    pbuf_copy_partial                        0x0800fe71   Thumb Code   190  pbuf.o(.text)
    pbuf_take                                0x0800ff2f   Thumb Code   210  pbuf.o(.text)
    pbuf_coalesce                            0x08010001   Thumb Code    84  pbuf.o(.text)
    pbuf_get_at                              0x08010055   Thumb Code    46  pbuf.o(.text)
    pbuf_memcmp                              0x08010083   Thumb Code    96  pbuf.o(.text)
    pbuf_memfind                             0x080100e3   Thumb Code    76  pbuf.o(.text)
    pbuf_strstr                              0x0801012f   Thumb Code    60  pbuf.o(.text)
    raw_input                                0x08010299   Thumb Code   102  raw.o(.text)
    raw_bind                                 0x080102ff   Thumb Code    16  raw.o(.text)
    raw_connect                              0x0801030f   Thumb Code    16  raw.o(.text)
    raw_recv                                 0x0801031f   Thumb Code     6  raw.o(.text)
    raw_sendto                               0x08010325   Thumb Code   190  raw.o(.text)
    raw_send                                 0x080103e3   Thumb Code    18  raw.o(.text)
    raw_remove                               0x080103f5   Thumb Code    60  raw.o(.text)
    raw_new                                  0x08010431   Thumb Code    46  raw.o(.text)
    tcp_init                                 0x080104e5   Thumb Code     2  tcp.o(.text)
    tcp_seg_free                             0x080104e7   Thumb Code    26  tcp.o(.text)
    tcp_segs_free                            0x08010501   Thumb Code    24  tcp.o(.text)
    tcp_pcb_purge                            0x08010519   Thumb Code    88  tcp.o(.text)
    tcp_slowtmr                              0x08010571   Thumb Code  1436  tcp.o(.text)
    tcp_pcb_remove                           0x08010b0d   Thumb Code   192  tcp.o(.text)
    tcp_close                                0x08010d99   Thumb Code    28  tcp.o(.text)
    tcp_update_rcv_ann_wnd                   0x08010db5   Thumb Code   106  tcp.o(.text)
    tcp_recved                               0x08010e1f   Thumb Code   392  tcp.o(.text)
    tcp_recv_null                            0x08010fa7   Thumb Code    46  tcp.o(.text)
    tcp_process_refused_data                 0x08010fd5   Thumb Code   148  tcp.o(.text)
    tcp_fasttmr                              0x08011069   Thumb Code   114  tcp.o(.text)
    tcp_tmr                                  0x080110db   Thumb Code    30  tcp.o(.text)
    tcp_shutdown                             0x080110f9   Thumb Code    98  tcp.o(.text)
    tcp_abandon                              0x0801115b   Thumb Code   168  tcp.o(.text)
    tcp_abort                                0x08011203   Thumb Code    14  tcp.o(.text)
    tcp_bind                                 0x08011271   Thumb Code   170  tcp.o(.text)
    tcp_listen_with_backlog                  0x08011323   Thumb Code   420  tcp.o(.text)
    tcp_eff_send_mss                         0x080114c7   Thumb Code    46  tcp.o(.text)
    tcp_next_iss                             0x080114f5   Thumb Code    20  tcp.o(.text)
    tcp_connect                              0x08011509   Thumb Code   352  tcp.o(.text)
    tcp_setprio                              0x08011669   Thumb Code     4  tcp.o(.text)
    tcp_alloc                                0x080116f3   Thumb Code   182  tcp.o(.text)
    tcp_new                                  0x080117a9   Thumb Code    10  tcp.o(.text)
    tcp_arg                                  0x080117b3   Thumb Code     4  tcp.o(.text)
    tcp_recv                                 0x080117b7   Thumb Code    42  tcp.o(.text)
    tcp_sent                                 0x080117e1   Thumb Code    42  tcp.o(.text)
    tcp_err                                  0x0801180b   Thumb Code   258  tcp.o(.text)
    tcp_accept                               0x0801190d   Thumb Code     4  tcp.o(.text)
    tcp_poll                                 0x08011911   Thumb Code    50  tcp.o(.text)
    tcp_debug_state_str                      0x08011943   Thumb Code    10  tcp.o(.text)
    tcp_input                                0x08012b3b   Thumb Code  1674  tcp_in.o(.text)
    tcp_enqueue_flags                        0x08013335   Thumb Code   418  tcp_out.o(.text)
    tcp_send_fin                             0x080134d7   Thumb Code    74  tcp_out.o(.text)
    tcp_write                                0x080137bb   Thumb Code  1744  tcp_out.o(.text)
    tcp_send_empty_ack                       0x08013e8b   Thumb Code    86  tcp_out.o(.text)
    tcp_output                               0x08013fb3   Thumb Code   710  tcp_out.o(.text)
    tcp_rst                                  0x08014279   Thumb Code   162  tcp_out.o(.text)
    tcp_rexmit_rto                           0x0801431b   Thumb Code    58  tcp_out.o(.text)
    tcp_rexmit                               0x08014355   Thumb Code    90  tcp_out.o(.text)
    tcp_rexmit_fast                          0x080143af   Thumb Code   120  tcp_out.o(.text)
    tcp_keepalive                            0x08014427   Thumb Code    84  tcp_out.o(.text)
    tcp_zero_window_probe                    0x0801447b   Thumb Code   180  tcp_out.o(.text)
    sys_timeout                              0x08014531   Thumb Code   174  timers.o(.text)
    tcp_timer_needed                         0x08014607   Thumb Code    38  timers.o(.text)
    sys_timeouts_init                        0x08014695   Thumb Code    52  timers.o(.text)
    sys_untimeout                            0x080146c9   Thumb Code    90  timers.o(.text)
    sys_timeouts_mbox_fetch                  0x08014723   Thumb Code   132  timers.o(.text)
    udp_init                                 0x08014861   Thumb Code     2  udp.o(.text)
    udp_input                                0x080148b3   Thumb Code   512  udp.o(.text)
    udp_bind                                 0x08014ab3   Thumb Code   170  udp.o(.text)
    udp_sendto_if                            0x08014b5d   Thumb Code   460  udp.o(.text)
    udp_sendto                               0x08014d29   Thumb Code    54  udp.o(.text)
    udp_send                                 0x08014d5f   Thumb Code    20  udp.o(.text)
    udp_connect                              0x08014d73   Thumb Code    98  udp.o(.text)
    udp_disconnect                           0x08014dd5   Thumb Code    16  udp.o(.text)
    udp_recv                                 0x08014de5   Thumb Code     6  udp.o(.text)
    udp_remove                               0x08014deb   Thumb Code    60  udp.o(.text)
    udp_new                                  0x08014e27   Thumb Code    28  udp.o(.text)
    mem_init                                 0x08014f23   Thumb Code   114  mem.o(.text)
    mem_free                                 0x08014f95   Thumb Code   182  mem.o(.text)
    mem_trim                                 0x0801504b   Thumb Code   338  mem.o(.text)
    mem_malloc                               0x0801519d   Thumb Code   796  mem.o(.text)
    mem_calloc                               0x080154b9   Thumb Code    34  mem.o(.text)
    sys_mbox_new                             0x0801558d   Thumb Code   108  sys_arch.o(.text)
    sys_mbox_free                            0x080155f9   Thumb Code    56  sys_arch.o(.text)
    sys_mbox_post                            0x08015631   Thumb Code    28  sys_arch.o(.text)
    sys_mbox_trypost                         0x0801564d   Thumb Code    32  sys_arch.o(.text)
    sys_arch_mbox_fetch                      0x0801566d   Thumb Code   154  sys_arch.o(.text)
    sys_arch_mbox_tryfetch                   0x08015707   Thumb Code    18  sys_arch.o(.text)
    sys_mbox_valid                           0x08015719   Thumb Code    56  sys_arch.o(.text)
    sys_mbox_set_invalid                     0x08015751   Thumb Code     6  sys_arch.o(.text)
    sys_sem_new                              0x08015757   Thumb Code    62  sys_arch.o(.text)
    sys_arch_sem_wait                        0x08015795   Thumb Code    96  sys_arch.o(.text)
    sys_sem_signal                           0x080157f5   Thumb Code    12  sys_arch.o(.text)
    sys_sem_free                             0x08015801   Thumb Code    52  sys_arch.o(.text)
    sys_sem_valid                            0x08015835   Thumb Code    22  sys_arch.o(.text)
    sys_sem_set_invalid                      0x0801584b   Thumb Code     6  sys_arch.o(.text)
    sys_init                                 0x08015851   Thumb Code     2  sys_arch.o(.text)
    sys_thread_new                           0x08015853   Thumb Code    66  sys_arch.o(.text)
    sys_msleep                               0x08015895   Thumb Code    12  sys_arch.o(.text)
    sys_now                                  0x080158a1   Thumb Code    26  sys_arch.o(.text)
    netconn_new_with_proto_and_callback      0x08015961   Thumb Code   194  api_lib.o(.text)
    netconn_delete                           0x08015a23   Thumb Code    36  api_lib.o(.text)
    netconn_getaddr                          0x08015a47   Thumb Code   160  api_lib.o(.text)
    netconn_bind                             0x08015ae7   Thumb Code    98  api_lib.o(.text)
    netconn_connect                          0x08015b49   Thumb Code    98  api_lib.o(.text)
    netconn_disconnect                       0x08015bab   Thumb Code    84  api_lib.o(.text)
    netconn_listen_with_backlog              0x08015bff   Thumb Code    86  api_lib.o(.text)
    netconn_accept                           0x08015c55   Thumb Code   808  api_lib.o(.text)
    netconn_recv_tcp_pbuf                    0x080160f3   Thumb Code    56  api_lib.o(.text)
    netconn_recv                             0x0801612b   Thumb Code   270  api_lib.o(.text)
    netconn_recved                           0x08016239   Thumb Code    46  api_lib.o(.text)
    netconn_send                             0x08016267   Thumb Code    98  api_lib.o(.text)
    netconn_sendto                           0x080162c9   Thumb Code    44  api_lib.o(.text)
    netconn_write_partly                     0x080162f5   Thumb Code   434  api_lib.o(.text)
    netconn_close                            0x08016507   Thumb Code    14  api_lib.o(.text)
    netconn_shutdown                         0x08016515   Thumb Code    36  api_lib.o(.text)
    netconn_free                             0x08016f37   Thumb Code   330  api_msg.o(.text)
    netconn_alloc                            0x08017081   Thumb Code   174  api_msg.o(.text)
    do_newconn                               0x08017291   Thumb Code    32  api_msg.o(.text)
    do_delconn                               0x0801737d   Thumb Code   636  api_msg.o(.text)
    do_bind                                  0x080175f9   Thumb Code   116  api_msg.o(.text)
    do_connect                               0x08017741   Thumb Code   230  api_msg.o(.text)
    do_disconnect                            0x08017827   Thumb Code    46  api_msg.o(.text)
    do_listen                                0x08017855   Thumb Code   388  api_msg.o(.text)
    do_send                                  0x080179d9   Thumb Code   166  api_msg.o(.text)
    do_recv                                  0x08017a7f   Thumb Code    72  api_msg.o(.text)
    do_write                                 0x08017ac7   Thumb Code   166  api_msg.o(.text)
    do_getaddr                               0x08017b6d   Thumb Code   198  api_msg.o(.text)
    do_close                                 0x08017c33   Thumb Code   184  api_msg.o(.text)
    netbuf_new                               0x08017d1d   Thumb Code    30  netbuf.o(.text)
    netbuf_delete                            0x08017d3b   Thumb Code    32  netbuf.o(.text)
    netbuf_alloc                             0x08017d5b   Thumb Code   102  netbuf.o(.text)
    netbuf_free                              0x08017dc1   Thumb Code    48  netbuf.o(.text)
    netbuf_ref                               0x08017df1   Thumb Code    92  netbuf.o(.text)
    netbuf_chain                             0x08017e4d   Thumb Code    78  netbuf.o(.text)
    netbuf_data                              0x08017e9b   Thumb Code   122  netbuf.o(.text)
    netbuf_next                              0x08017f15   Thumb Code    64  netbuf.o(.text)
    netbuf_first                             0x08017f55   Thumb Code    36  netbuf.o(.text)
    lwip_socket_init                         0x080180cd   Thumb Code     2  sockets.o(.text)
    lwip_accept                              0x08018379   Thumb Code   668  sockets.o(.text)
    lwip_bind                                0x08018615   Thumb Code   186  sockets.o(.text)
    lwip_close                               0x080186cf   Thumb Code    94  sockets.o(.text)
    lwip_connect                             0x0801872d   Thumb Code   206  sockets.o(.text)
    lwip_listen                              0x080187fb   Thumb Code   136  sockets.o(.text)
    lwip_recvfrom                            0x08018883   Thumb Code   816  sockets.o(.text)
    lwip_read                                0x08018bb3   Thumb Code    28  sockets.o(.text)
    lwip_recv                                0x08018bcf   Thumb Code    34  sockets.o(.text)
    lwip_sendto                              0x08018bf1   Thumb Code   278  sockets.o(.text)
    lwip_send                                0x08018d07   Thumb Code   156  sockets.o(.text)
    lwip_socket                              0x08018da3   Thumb Code   296  sockets.o(.text)
    lwip_write                               0x08018ecb   Thumb Code    22  sockets.o(.text)
    lwip_select                              0x0801905d   Thumb Code   868  sockets.o(.text)
    lwip_shutdown                            0x080193c1   Thumb Code   298  sockets.o(.text)
    lwip_getpeername                         0x0801956d   Thumb Code    22  sockets.o(.text)
    lwip_getsockname                         0x08019583   Thumb Code    22  sockets.o(.text)
    lwip_getsockopt                          0x08019795   Thumb Code   410  sockets.o(.text)
    lwip_setsockopt                          0x08019ae5   Thumb Code   318  sockets.o(.text)
    lwip_ioctl                               0x08019c23   Thumb Code   116  sockets.o(.text)
    lwip_fcntl                               0x08019c97   Thumb Code   142  sockets.o(.text)
    tcpip_input                              0x08019e0b   Thumb Code    72  tcpip.o(.text)
    tcpip_callback_with_block                0x08019e53   Thumb Code    90  tcpip.o(.text)
    tcpip_timeout                            0x08019ead   Thumb Code    64  tcpip.o(.text)
    tcpip_untimeout                          0x08019eed   Thumb Code    56  tcpip.o(.text)
    tcpip_apimsg                             0x08019f25   Thumb Code    60  tcpip.o(.text)
    tcpip_callbackmsg_new                    0x08019f61   Thumb Code    32  tcpip.o(.text)
    tcpip_callbackmsg_delete                 0x08019f81   Thumb Code    14  tcpip.o(.text)
    tcpip_trycallback                        0x08019f8f   Thumb Code    28  tcpip.o(.text)
    tcpip_init                               0x08019fab   Thumb Code    72  tcpip.o(.text)
    pbuf_free_callback                       0x0801a001   Thumb Code    16  tcpip.o(.text)
    mem_free_callback                        0x0801a011   Thumb Code    16  tcpip.o(.text)
    OS_StrLen                                0x0801a0dd   Thumb Code    20  os_core.o(.text)
    OSEventNameGet                           0x0801a0f1   Thumb Code    98  os_core.o(.text)
    OSEventNameSet                           0x0801a153   Thumb Code    84  os_core.o(.text)
    OS_TaskStatStkChk                        0x0801a1a7   Thumb Code    54  os_core.o(.text)
    OS_TaskStat                              0x0801a1dd   Thumb Code   116  os_core.o(.text)
    OS_TaskIdle                              0x0801a285   Thumb Code    34  os_core.o(.text)
    OS_MemClr                                0x0801a2db   Thumb Code    18  os_core.o(.text)
    OSInit                                   0x0801a401   Thumb Code    52  os_core.o(.text)
    OSIntEnter                               0x0801a435   Thumb Code    28  os_core.o(.text)
    OSIntExit                                0x0801a46b   Thumb Code   262  os_core.o(.text)
    OSSchedLock                              0x0801a571   Thumb Code    50  os_core.o(.text)
    OS_Sched                                 0x0801a5a3   Thumb Code    88  os_core.o(.text)
    OSSchedUnlock                            0x0801a5fb   Thumb Code    82  os_core.o(.text)
    OSStart                                  0x0801a64d   Thumb Code    48  os_core.o(.text)
    OSStatInit                               0x0801a67d   Thumb Code    62  os_core.o(.text)
    OSTimeTick                               0x0801a6bb   Thumb Code   210  os_core.o(.text)
    OSVersion                                0x0801a78d   Thumb Code     6  os_core.o(.text)
    OS_Dummy                                 0x0801a793   Thumb Code     2  os_core.o(.text)
    OS_EventTaskRemove                       0x0801a795   Thumb Code    42  os_core.o(.text)
    OS_EventTaskRdy                          0x0801a7bf   Thumb Code   114  os_core.o(.text)
    OS_EventTaskWait                         0x0801a831   Thumb Code   112  os_core.o(.text)
    OS_EventWaitListInit                     0x0801a8a1   Thumb Code    28  os_core.o(.text)
    OS_MemCopy                               0x0801a8bd   Thumb Code    20  os_core.o(.text)
    OS_TCBInit                               0x0801a8d1   Thumb Code   360  os_core.o(.text)
    OSFlagAccept                             0x0801aa4d   Thumb Code   252  os_flag.o(.text)
    OSFlagCreate                             0x0801ab49   Thumb Code    86  os_flag.o(.text)
    OS_FlagUnlink                            0x0801ab9f   Thumb Code    36  os_flag.o(.text)
    OSFlagDel                                0x0801ac15   Thumb Code   214  os_flag.o(.text)
    OSFlagNameGet                            0x0801aceb   Thumb Code    80  os_flag.o(.text)
    OSFlagNameSet                            0x0801ad3b   Thumb Code    66  os_flag.o(.text)
    OSFlagPend                               0x0801ae15   Thumb Code   614  os_flag.o(.text)
    OSFlagPendGetFlagsRdy                    0x0801b07b   Thumb Code    26  os_flag.o(.text)
    OSFlagPost                               0x0801b095   Thumb Code   312  os_flag.o(.text)
    OSFlagQuery                              0x0801b1cd   Thumb Code    48  os_flag.o(.text)
    OS_FlagInit                              0x0801b1fd   Thumb Code    78  os_flag.o(.text)
    OSMemCreate                              0x0801b259   Thumb Code   118  os_mem.o(.text)
    OSMemGet                                 0x0801b2cf   Thumb Code    62  os_mem.o(.text)
    OSMemNameGet                             0x0801b30d   Thumb Code    60  os_mem.o(.text)
    OSMemNameSet                             0x0801b349   Thumb Code    48  os_mem.o(.text)
    OSMemPut                                 0x0801b379   Thumb Code    54  os_mem.o(.text)
    OSMemQuery                               0x0801b3af   Thumb Code    52  os_mem.o(.text)
    OS_MemInit                               0x0801b3e3   Thumb Code    74  os_mem.o(.text)
    OSQAccept                                0x0801b43d   Thumb Code    88  os_q.o(.text)
    OSQCreate                                0x0801b495   Thumb Code   144  os_q.o(.text)
    OSQDel                                   0x0801b525   Thumb Code   244  os_q.o(.text)
    OSQFlush                                 0x0801b619   Thumb Code    36  os_q.o(.text)
    OSQPend                                  0x0801b63d   Thumb Code   272  os_q.o(.text)
    OSQPendAbort                             0x0801b74d   Thumb Code   128  os_q.o(.text)
    OSQPost                                  0x0801b7cd   Thumb Code   114  os_q.o(.text)
    OSQPostFront                             0x0801b83f   Thumb Code   140  os_q.o(.text)
    OSQPostOpt                               0x0801b8cb   Thumb Code   182  os_q.o(.text)
    OSQQuery                                 0x0801b981   Thumb Code    98  os_q.o(.text)
    OS_QInit                                 0x0801b9e3   Thumb Code    72  os_q.o(.text)
    OSSemAccept                              0x0801ba35   Thumb Code    42  os_sem.o(.text)
    OSSemCreate                              0x0801ba5f   Thumb Code    72  os_sem.o(.text)
    OSSemDel                                 0x0801baa7   Thumb Code   230  os_sem.o(.text)
    OSSemPend                                0x0801bb8d   Thumb Code   222  os_sem.o(.text)
    OSSemPendAbort                           0x0801bc6b   Thumb Code   128  os_sem.o(.text)
    OSSemPost                                0x0801bceb   Thumb Code    88  os_sem.o(.text)
    OSSemQuery                               0x0801bd43   Thumb Code    76  os_sem.o(.text)
    OSSemSet                                 0x0801bd8f   Thumb Code    66  os_sem.o(.text)
    OSTaskChangePrio                         0x0801be11   Thumb Code   308  os_task.o(.text)
    OSTaskCreate                             0x0801bf45   Thumb Code   148  os_task.o(.text)
    OS_TaskStkClr                            0x0801bfd9   Thumb Code    26  os_task.o(.text)
    OSTaskCreateExt                          0x0801bff3   Thumb Code   170  os_task.o(.text)
    OSTaskDel                                0x0801c09d   Thumb Code   294  os_task.o(.text)
    OSTaskDelReq                             0x0801c1c3   Thumb Code   144  os_task.o(.text)
    OSTaskNameGet                            0x0801c253   Thumb Code   114  os_task.o(.text)
    OSTaskNameSet                            0x0801c2c5   Thumb Code    98  os_task.o(.text)
    OSTaskResume                             0x0801c327   Thumb Code   154  os_task.o(.text)
    OSTaskStkChk                             0x0801c3c1   Thumb Code   132  os_task.o(.text)
    OSTaskSuspend                            0x0801c445   Thumb Code   152  os_task.o(.text)
    OSTaskQuery                              0x0801c4dd   Thumb Code    82  os_task.o(.text)
    OSTaskRegGet                             0x0801c52f   Thumb Code    60  os_task.o(.text)
    OSTaskRegSet                             0x0801c56b   Thumb Code    62  os_task.o(.text)
    OS_TaskReturn                            0x0801c5a9   Thumb Code    18  os_task.o(.text)
    OSTimeDly                                0x0801c5d5   Thumb Code   100  os_time.o(.text)
    OSTimeDlyHMSM                            0x0801c639   Thumb Code    86  os_time.o(.text)
    OSTimeDlyResume                          0x0801c68f   Thumb Code   168  os_time.o(.text)
    OSTimeGet                                0x0801c737   Thumb Code    24  os_time.o(.text)
    OSTimeSet                                0x0801c74f   Thumb Code    24  os_time.o(.text)
    OSTmrCreate                              0x0801c7b7   Thumb Code    96  os_tmr.o(.text)
    OSTmrDel                                 0x0801c88f   Thumb Code   124  os_tmr.o(.text)
    OSTmrNameGet                             0x0801c90b   Thumb Code   114  os_tmr.o(.text)
    OSTmrRemainGet                           0x0801c97d   Thumb Code   164  os_tmr.o(.text)
    OSTmrStateGet                            0x0801ca21   Thumb Code    86  os_tmr.o(.text)
    OSTmrStart                               0x0801cadb   Thumb Code   128  os_tmr.o(.text)
    OSTmrStop                                0x0801cb5b   Thumb Code   210  os_tmr.o(.text)
    OSTmrSignal                              0x0801cc2d   Thumb Code    16  os_tmr.o(.text)
    OSTmr_Init                               0x0801cce1   Thumb Code   172  os_tmr.o(.text)
    OSInitHookBegin                          0x0801cdf5   Thumb Code     8  os_cpu_c.o(.text)
    OSInitHookEnd                            0x0801cdfd   Thumb Code     2  os_cpu_c.o(.text)
    OSTaskCreateHook                         0x0801cdff   Thumb Code     2  os_cpu_c.o(.text)
    OSTaskDelHook                            0x0801ce01   Thumb Code     2  os_cpu_c.o(.text)
    OSTaskIdleHook                           0x0801ce03   Thumb Code     2  os_cpu_c.o(.text)
    OSTaskStatHook                           0x0801ce05   Thumb Code     2  os_cpu_c.o(.text)
    OSTaskStkInit                            0x0801ce07   Thumb Code   426  os_cpu_c.o(.text)
    OSTaskSwHook                             0x0801cfb1   Thumb Code     2  os_cpu_c.o(.text)
    OSTCBInitHook                            0x0801cfb3   Thumb Code     2  os_cpu_c.o(.text)
    OSTimeTickHook                           0x0801cfb5   Thumb Code    30  os_cpu_c.o(.text)
    OSTaskReturnHook                         0x0801cfd3   Thumb Code     2  os_cpu_c.o(.text)
    OS_CPU_SR_Save                           0x0801cfdd   Thumb Code     0  os_cpu_a.o(.text)
    OS_CPU_SR_Restore                        0x0801cfe5   Thumb Code     0  os_cpu_a.o(.text)
    OSStartHighRdy                           0x0801cfeb   Thumb Code     0  os_cpu_a.o(.text)
    OSCtxSw                                  0x0801d00f   Thumb Code     0  os_cpu_a.o(.text)
    OSIntCtxSw                               0x0801d01d   Thumb Code     0  os_cpu_a.o(.text)
    PendSV_Handler                           0x0801d02d   Thumb Code     0  os_cpu_a.o(.text)
    mymemcpy                                 0x0801d0a5   Thumb Code    26  malloc.o(.text)
    mymemset                                 0x0801d0bf   Thumb Code    20  malloc.o(.text)
    mymem_init                               0x0801d0d3   Thumb Code    54  malloc.o(.text)
    mem_perused                              0x0801d109   Thumb Code    54  malloc.o(.text)
    mymem_malloc                             0x0801d13f   Thumb Code   162  malloc.o(.text)
    mymem_free                               0x0801d1e1   Thumb Code    94  malloc.o(.text)
    myfree                                   0x0801d23f   Thumb Code    32  malloc.o(.text)
    mymalloc                                 0x0801d25f   Thumb Code    36  malloc.o(.text)
    myrealloc                                0x0801d283   Thumb Code    68  malloc.o(.text)
    __use_no_semihosting                     0x0801d2d9   Thumb Code     2  use_no_semi_2.o(.text)
    __rt_ctype_table                         0x0801d2dd   Thumb Code    16  rt_ctype_table.o(.text)
    __2printf                                0x0801d2ed   Thumb Code    20  noretval__2printf.o(.text)
    __2sprintf                               0x0801d305   Thumb Code    34  noretval__2sprintf.o(.text)
    _printf_pre_padding                      0x0801d32d   Thumb Code    44  _printf_pad.o(.text)
    _printf_post_padding                     0x0801d359   Thumb Code    34  _printf_pad.o(.text)
    _printf_str                              0x0801d37b   Thumb Code    82  _printf_str.o(.text)
    _printf_int_dec                          0x0801d3cd   Thumb Code   104  _printf_dec.o(.text)
    _printf_int_hex                          0x0801d445   Thumb Code    84  _printf_hex_int.o(.text)
    _printf_longlong_hex                     0x0801d445   Thumb Code     0  _printf_hex_int.o(.text)
    __printf                                 0x0801d49d   Thumb Code   388  __printf_flags_ss_wp.o(.text)
    memcmp                                   0x0801d625   Thumb Code    88  memcmp.o(.text)
    strlen                                   0x0801d67d   Thumb Code    62  strlen.o(.text)
    __aeabi_memcpy                           0x0801d6bb   Thumb Code     0  rt_memcpy_v6.o(.text)
    __rt_memcpy                              0x0801d6bb   Thumb Code   138  rt_memcpy_v6.o(.text)
    _memcpy_lastbytes                        0x0801d721   Thumb Code     0  rt_memcpy_v6.o(.text)
    __aeabi_memclr                           0x0801d745   Thumb Code     0  rt_memclr.o(.text)
    __rt_memclr                              0x0801d745   Thumb Code    68  rt_memclr.o(.text)
    _memset                                  0x0801d749   Thumb Code     0  rt_memclr.o(.text)
    __aeabi_memclr4                          0x0801d789   Thumb Code     0  rt_memclr_w.o(.text)
    __aeabi_memclr8                          0x0801d789   Thumb Code     0  rt_memclr_w.o(.text)
    __rt_memclr_w                            0x0801d789   Thumb Code    78  rt_memclr_w.o(.text)
    _memset_w                                0x0801d78d   Thumb Code     0  rt_memclr_w.o(.text)
    strcmp                                   0x0801d7d9   Thumb Code   128  strcmpv7m.o(.text)
    __use_two_region_memory                  0x0801d859   Thumb Code     2  heapauxi.o(.text)
    __rt_heap_escrow$2region                 0x0801d85b   Thumb Code     2  heapauxi.o(.text)
    __rt_heap_expand$2region                 0x0801d85d   Thumb Code     2  heapauxi.o(.text)
    __I$use$semihosting                      0x0801d85f   Thumb Code     0  use_no_semi.o(.text)
    __use_no_semihosting_swi                 0x0801d85f   Thumb Code     2  use_no_semi.o(.text)
    __rt_locale                              0x0801d861   Thumb Code     8  rt_locale_intlibspace.o(.text)
    _printf_int_common                       0x0801d869   Thumb Code   178  _printf_intcommon.o(.text)
    _printf_char_common                      0x0801d927   Thumb Code    32  _printf_char_common.o(.text)
    _sputc                                   0x0801d94d   Thumb Code    10  _sputc.o(.text)
    _printf_cs_common                        0x0801d957   Thumb Code    20  _printf_char.o(.text)
    _printf_char                             0x0801d96b   Thumb Code    16  _printf_char.o(.text)
    _printf_string                           0x0801d97b   Thumb Code     8  _printf_char.o(.text)
    _printf_char_file                        0x0801d985   Thumb Code    32  _printf_char_file.o(.text)
    __aeabi_memcpy4                          0x0801d9a9   Thumb Code     0  rt_memcpy_w.o(.text)
    __aeabi_memcpy8                          0x0801d9a9   Thumb Code     0  rt_memcpy_w.o(.text)
    __rt_memcpy_w                            0x0801d9a9   Thumb Code   100  rt_memcpy_w.o(.text)
    _memcpy_lastbytes_aligned                0x0801d9f1   Thumb Code     0  rt_memcpy_w.o(.text)
    __user_libspace                          0x0801da0d   Thumb Code     8  libspace.o(.text)
    __user_perproc_libspace                  0x0801da0d   Thumb Code     0  libspace.o(.text)
    __user_perthread_libspace                0x0801da0d   Thumb Code     0  libspace.o(.text)
    ferror                                   0x0801da15   Thumb Code     8  ferror.o(.text)
    __user_setup_stackheap                   0x0801da1d   Thumb Code    74  sys_stackheap_outer.o(.text)
    exit                                     0x0801da67   Thumb Code    12  exit.o(.text)
    _is_digit                                0x0801da73   Thumb Code    14  __printf_wp.o(i._is_digit)
    _get_lc_ctype                            0x0801da81   Thumb Code    44  lc_ctype_c.o(locale$$code)
    __aeabi_d2uiz                            0x0801daad   Thumb Code     0  dfixu.o(x$fpl$dfixu)
    _dfixu                                   0x0801daad   Thumb Code    90  dfixu.o(x$fpl$dfixu)
    __aeabi_ui2d                             0x0801db07   Thumb Code     0  dflt_clz.o(x$fpl$dfltu)
    _dfltu                                   0x0801db07   Thumb Code    38  dflt_clz.o(x$fpl$dfltu)
    __aeabi_dmul                             0x0801db2d   Thumb Code     0  dmul.o(x$fpl$dmul)
    _dmul                                    0x0801db2d   Thumb Code   332  dmul.o(x$fpl$dmul)
    __fpl_dnaninf                            0x0801dc81   Thumb Code   156  dnaninf.o(x$fpl$dnaninf)
    __fpl_dretinf                            0x0801dd1d   Thumb Code    12  dretinf.o(x$fpl$dretinf)
    _fp_init                                 0x0801dd29   Thumb Code    10  fpinit.o(x$fpl$fpinit)
    __fplib_config_fpu_vfp                   0x0801dd31   Thumb Code     0  fpinit.o(x$fpl$fpinit)
    __fplib_config_pureend_doubles           0x0801dd31   Thumb Code     0  fpinit.o(x$fpl$fpinit)
    __I$use$fp                               0x0801dd32   Number         0  usenofp.o(x$fpl$usenofp)
    asc2_1206                                0x0801dd32   Data        1140  lcd.o(.constdata)
    asc2_1608                                0x0801e1a6   Data        1520  lcd.o(.constdata)
    asc2_2412                                0x0801e796   Data        3420  lcd.o(.constdata)
    FSMC_DefaultTimingStruct                 0x0801f4f4   Data          28  stm32f4xx_fsmc.o(.constdata)
    ethbroadcast                             0x0801f510   Data           6  etharp.o(.constdata)
    ethzero                                  0x0801f516   Data           6  etharp.o(.constdata)
    ip_addr_any                              0x0801f51c   Data           4  ip_addr.o(.constdata)
    ip_addr_broadcast                        0x0801f520   Data           4  ip_addr.o(.constdata)
    tcp_state_str                            0x0801f55c   Data          44  tcp.o(.constdata)
    tcp_backoff                              0x0801f588   Data          13  tcp.o(.constdata)
    tcp_persist_backoff                      0x0801f595   Data           7  tcp.o(.constdata)
    tcp_pcb_lists                            0x0801f59c   Data          16  tcp.o(.constdata)
    pvNullPointer                            0x0801f5ac   Data           4  sys_arch.o(.constdata)
    OSUnMapTbl                               0x0801f5f0   Data         256  os_core.o(.constdata)
    memtblsize                               0x0801f6f0   Data          12  malloc.o(.constdata)
    memblksize                               0x0801f6fc   Data          12  malloc.o(.constdata)
    memsize                                  0x0801f708   Data          12  malloc.o(.constdata)
    Region$$Table$$Base                      0x0801faec   Number         0  anon$$obj.o(Region$$Table)
    Region$$Table$$Limit                     0x0801fb0c   Number         0  anon$$obj.o(Region$$Table)
    __ctype                                  0x0801fb19   Data           0  lc_ctype_c.o(locale$$data)
    mem3base                                 0x10000000   Data       61440  malloc.o(.ARM.__AT_0x10000000)
    mem3mapbase                              0x1000f000   Data        3840  malloc.o(.ARM.__AT_0x1000F000)
    SystemCoreClock                          0x20000000   Data           4  system_stm32f4xx.o(.data)
    AHBPrescTable                            0x20000004   Data          16  system_stm32f4xx.o(.data)
    POINT_COLOR                              0x20000016   Data           2  lcd.o(.data)
    BACK_COLOR                               0x20000018   Data           2  lcd.o(.data)
    DMARxDscrTab                             0x2000001c   Data           4  lan8720.o(.data)
    DMATxDscrTab                             0x20000020   Data           4  lan8720.o(.data)
    Rx_Buff                                  0x20000024   Data           4  lan8720.o(.data)
    Tx_Buff                                  0x20000028   Data           4  lan8720.o(.data)
    DMATxDescToSet                           0x2000003c   Data           4  stm32f4x7_eth.o(.data)
    DMARxDescToGet                           0x20000040   Data           4  stm32f4x7_eth.o(.data)
    DMA_RX_FRAME_infos                       0x20000044   Data           4  stm32f4x7_eth.o(.data)
    Frame_Rx_index                           0x20000048   Data           4  stm32f4x7_eth.o(.data)
    __stdout                                 0x20000050   Data           4  usart.o(.data)
    USART_RX_STA                             0x20000054   Data           2  usart.o(.data)
    sys_cmd_tab                              0x20000058   Data          28  usmart.o(.data)
    usmart_nametab                           0x20000074   Data          48  usmart_config.o(.data)
    usmart_dev                               0x200000a4   Data         244  usmart_config.o(.data)
    TCPIP_THREAD_TASK_STK                    0x20000198   Data           4  lwip_comm.o(.data)
    LWIP_DHCP_TASK_STK                       0x2000019c   Data           4  lwip_comm.o(.data)
    tcp_server_sendbuf                       0x200001a0   Data           4  tcp_server_demo.o(.data)
    tcp_server_flag                          0x200001a4   Data           1  tcp_server_demo.o(.data)
    current_netif                            0x200001b0   Data           4  ip.o(.data)
    current_header                           0x200001b4   Data           4  ip.o(.data)
    current_iphdr_src                        0x200001b8   Data           4  ip.o(.data)
    current_iphdr_dest                       0x200001bc   Data           4  ip.o(.data)
    memp_memory                              0x20000208   Data           4  memp.o(.data)
    netif_list                               0x2000020c   Data           4  netif.o(.data)
    netif_default                            0x20000210   Data           4  netif.o(.data)
    tcp_ticks                                0x20000220   Data           4  tcp.o(.data)
    tcp_bound_pcbs                           0x20000224   Data           4  tcp.o(.data)
    tcp_listen_pcbs                          0x20000228   Data           4  tcp.o(.data)
    tcp_active_pcbs                          0x2000022c   Data           4  tcp.o(.data)
    tcp_tw_pcbs                              0x20000230   Data           4  tcp.o(.data)
    tcp_tmp_pcb                              0x20000234   Data           4  tcp.o(.data)
    tcp_active_pcbs_changed                  0x20000238   Data           1  tcp.o(.data)
    tcp_input_pcb                            0x2000025c   Data           4  tcp_in.o(.data)
    udp_pcbs                                 0x2000026c   Data           4  udp.o(.data)
    ram_heap                                 0x20000270   Data           4  mem.o(.data)
    OSCtxSwCtr                               0x20000298   Data           4  os_core.o(.data)
    OSEventFreeList                          0x2000029c   Data           4  os_core.o(.data)
    OSFlagFreeList                           0x200002a0   Data           4  os_core.o(.data)
    OSCPUUsage                               0x200002a4   Data           1  os_core.o(.data)
    OSIdleCtrMax                             0x200002a8   Data           4  os_core.o(.data)
    OSIdleCtrRun                             0x200002ac   Data           4  os_core.o(.data)
    OSStatRdy                                0x200002b0   Data           1  os_core.o(.data)
    OSIntNesting                             0x200002b1   Data           1  os_core.o(.data)
    OSLockNesting                            0x200002b2   Data           1  os_core.o(.data)
    OSPrioCur                                0x200002b3   Data           1  os_core.o(.data)
    OSPrioHighRdy                            0x200002b4   Data           1  os_core.o(.data)
    OSRdyGrp                                 0x200002b5   Data           1  os_core.o(.data)
    OSRdyTbl                                 0x200002b6   Data           8  os_core.o(.data)
    OSRunning                                0x200002be   Data           1  os_core.o(.data)
    OSTaskCtr                                0x200002bf   Data           1  os_core.o(.data)
    OSIdleCtr                                0x200002c0   Data           4  os_core.o(.data)
    OSTCBCur                                 0x200002c4   Data           4  os_core.o(.data)
    OSTCBFreeList                            0x200002c8   Data           4  os_core.o(.data)
    OSTCBHighRdy                             0x200002cc   Data           4  os_core.o(.data)
    OSTCBList                                0x200002d0   Data           4  os_core.o(.data)
    OSTickStepState                          0x200002d4   Data           1  os_core.o(.data)
    OSMemFreeList                            0x200002d8   Data           4  os_core.o(.data)
    OSQFreeList                              0x200002dc   Data           4  os_core.o(.data)
    OSTime                                   0x200002e0   Data           4  os_core.o(.data)
    OSTmrFree                                0x200002e4   Data           2  os_core.o(.data)
    OSTmrUsed                                0x200002e6   Data           2  os_core.o(.data)
    OSTmrTime                                0x200002e8   Data           4  os_core.o(.data)
    OSTmrSem                                 0x200002ec   Data           4  os_core.o(.data)
    OSTmrSemSignal                           0x200002f0   Data           4  os_core.o(.data)
    OSTmrFreeList                            0x200002f4   Data           4  os_core.o(.data)
    OSInterrputSum                           0x200002f8   Data           4  os_cpu_c.o(.data)
    mallco_dev                               0x20000300   Data          36  malloc.o(.data)
    KEY_TASK_STK                             0x20000324   Data         512  main.o(.bss)
    LED_TASK_STK                             0x20000524   Data         256  main.o(.bss)
    DISPLAY_TASK_STK                         0x20000624   Data         512  main.o(.bss)
    START_TASK_STK                           0x20000824   Data         512  main.o(.bss)
    lcddev                                   0x20000a24   Data          14  lcd.o(.bss)
    RX_Frame_Descriptor                      0x20000a34   Data          12  stm32f4x7_eth.o(.bss)
    USART_RX_BUF                             0x20000a40   Data         200  usart.o(.bss)
    lwipdev                                  0x20000b08   Data          23  lwip_comm.o(.bss)
    lwip_netif                               0x20000b20   Data          52  lwip_comm.o(.bss)
    tcp_server_recvbuf                       0x20000b54   Data        2000  tcp_server_demo.o(.bss)
    TCPSERVER_TASK_STK                       0x20001324   Data        1200  tcp_server_demo.o(.bss)
    dhcp_rx_options_val                      0x200018ac   Data          40  dhcp.o(.bss)
    dhcp_rx_options_given                    0x200018d4   Data          10  dhcp.o(.bss)
    OSEventTbl                               0x2000198c   Data         240  os_core.o(.bss)
    OSFlagTbl                                0x20001a7c   Data          80  os_core.o(.bss)
    OSTaskStatStk                            0x20001acc   Data         512  os_core.o(.bss)
    OSTaskIdleStk                            0x20001ccc   Data         512  os_core.o(.bss)
    OSTCBPrioTbl                             0x20001ecc   Data         256  os_core.o(.bss)
    OSTCBTbl                                 0x20001fcc   Data        1008  os_core.o(.bss)
    OSMemTbl                                 0x200023bc   Data         120  os_core.o(.bss)
    OSQTbl                                   0x20002434   Data         120  os_core.o(.bss)
    OSTmrTbl                                 0x200024ac   Data         640  os_core.o(.bss)
    OSTmrTaskStk                             0x2000272c   Data         512  os_core.o(.bss)
    OSTmrWheelTbl                            0x2000292c   Data          64  os_core.o(.bss)
    mem1base                                 0x2000296c   Data       102400  malloc.o(.bss)
    mem1mapbase                              0x2001b96c   Data        6400  malloc.o(.bss)
    __libspace_start                         0x2001d26c   Data          96  libspace.o(.bss)
    __temporary_stack_top$libspace           0x2001d2cc   Data           0  libspace.o(.bss)
    mem2base                                 0x68000000   Data       204800  malloc.o(.ARM.__AT_0x68000000)
    mem2mapbase                              0x68032000   Data       12800  malloc.o(.ARM.__AT_0x68032000)



==============================================================================

Memory Map of the image

  Image Entry point : 0x08000189

  Load Region LR_IROM1 (Base: 0x08000000, Size: 0x0001ff40, Max: 0x00100000, ABSOLUTE, COMPRESSED[0x0001fcec])

    Execution Region ER_IROM1 (Base: 0x08000000, Size: 0x0001fc1c, Max: 0x00100000, ABSOLUTE)

    Base Addr    Size         Type   Attr      Idx    E Section Name        Object

    0x08000000   0x00000188   Data   RO          446    RESET               startup_stm32f40_41xxx.o
    0x08000188   0x00000008   Code   RO         2215  * !!!main             c_w.l(__main.o)
    0x08000190   0x00000034   Code   RO         2415    !!!scatter          c_w.l(__scatter.o)
    0x080001c4   0x0000005a   Code   RO         2413    !!dczerorl2         c_w.l(__dczerorl2.o)
    0x0800021e   0x00000002   PAD
    0x08000220   0x0000001c   Code   RO         2417    !!handler_zi        c_w.l(__scatter_zi.o)
    0x0800023c   0x00000000   Code   RO         2200    .ARM.Collect$$_printf_percent$$00000000  c_w.l(_printf_percent.o)
    0x0800023c   0x00000006   Code   RO         2198    .ARM.Collect$$_printf_percent$$00000009  c_w.l(_printf_d.o)
    0x08000242   0x00000006   Code   RO         2199    .ARM.Collect$$_printf_percent$$0000000A  c_w.l(_printf_u.o)
    0x08000248   0x00000006   Code   RO         2197    .ARM.Collect$$_printf_percent$$0000000C  c_w.l(_printf_x.o)
    0x0800024e   0x00000006   Code   RO         2195    .ARM.Collect$$_printf_percent$$00000013  c_w.l(_printf_c.o)
    0x08000254   0x00000006   Code   RO         2196    .ARM.Collect$$_printf_percent$$00000014  c_w.l(_printf_s.o)
    0x0800025a   0x00000004   Code   RO         2247    .ARM.Collect$$_printf_percent$$00000017  c_w.l(_printf_percent_end.o)
    0x0800025e   0x00000002   Code   RO         2338    .ARM.Collect$$libinit$$00000000  c_w.l(libinit.o)
    0x08000260   0x00000004   Code   RO         2282    .ARM.Collect$$libinit$$00000001  c_w.l(libinit2.o)
    0x08000264   0x00000000   Code   RO         2285    .ARM.Collect$$libinit$$00000004  c_w.l(libinit2.o)
    0x08000264   0x00000000   Code   RO         2288    .ARM.Collect$$libinit$$0000000A  c_w.l(libinit2.o)
    0x08000264   0x00000000   Code   RO         2290    .ARM.Collect$$libinit$$0000000C  c_w.l(libinit2.o)
    0x08000264   0x00000000   Code   RO         2292    .ARM.Collect$$libinit$$0000000E  c_w.l(libinit2.o)
    0x08000264   0x00000006   Code   RO         2293    .ARM.Collect$$libinit$$0000000F  c_w.l(libinit2.o)
    0x0800026a   0x00000000   Code   RO         2295    .ARM.Collect$$libinit$$00000011  c_w.l(libinit2.o)
    0x0800026a   0x0000000c   Code   RO         2296    .ARM.Collect$$libinit$$00000012  c_w.l(libinit2.o)
    0x08000276   0x00000000   Code   RO         2297    .ARM.Collect$$libinit$$00000013  c_w.l(libinit2.o)
    0x08000276   0x00000000   Code   RO         2299    .ARM.Collect$$libinit$$00000015  c_w.l(libinit2.o)
    0x08000276   0x00000000   Code   RO         2301    .ARM.Collect$$libinit$$00000017  c_w.l(libinit2.o)
    0x08000276   0x00000000   Code   RO         2303    .ARM.Collect$$libinit$$00000019  c_w.l(libinit2.o)
    0x08000276   0x00000000   Code   RO         2305    .ARM.Collect$$libinit$$0000001B  c_w.l(libinit2.o)
    0x08000276   0x00000000   Code   RO         2307    .ARM.Collect$$libinit$$0000001D  c_w.l(libinit2.o)
    0x08000276   0x00000000   Code   RO         2309    .ARM.Collect$$libinit$$0000001F  c_w.l(libinit2.o)
    0x08000276   0x00000000   Code   RO         2311    .ARM.Collect$$libinit$$00000021  c_w.l(libinit2.o)
    0x08000276   0x00000000   Code   RO         2313    .ARM.Collect$$libinit$$00000023  c_w.l(libinit2.o)
    0x08000276   0x00000000   Code   RO         2315    .ARM.Collect$$libinit$$00000025  c_w.l(libinit2.o)
    0x08000276   0x00000000   Code   RO         2319    .ARM.Collect$$libinit$$0000002C  c_w.l(libinit2.o)
    0x08000276   0x00000000   Code   RO         2321    .ARM.Collect$$libinit$$0000002E  c_w.l(libinit2.o)
    0x08000276   0x00000000   Code   RO         2323    .ARM.Collect$$libinit$$00000030  c_w.l(libinit2.o)
    0x08000276   0x00000000   Code   RO         2325    .ARM.Collect$$libinit$$00000032  c_w.l(libinit2.o)
    0x08000276   0x00000002   Code   RO         2326    .ARM.Collect$$libinit$$00000033  c_w.l(libinit2.o)
    0x08000278   0x00000002   Code   RO         2371    .ARM.Collect$$libshutdown$$00000000  c_w.l(libshutdown.o)
    0x0800027a   0x00000000   Code   RO         2378    .ARM.Collect$$libshutdown$$00000003  c_w.l(libshutdown2.o)
    0x0800027a   0x00000000   Code   RO         2381    .ARM.Collect$$libshutdown$$00000006  c_w.l(libshutdown2.o)
    0x0800027a   0x00000000   Code   RO         2384    .ARM.Collect$$libshutdown$$00000009  c_w.l(libshutdown2.o)
    0x0800027a   0x00000000   Code   RO         2386    .ARM.Collect$$libshutdown$$0000000B  c_w.l(libshutdown2.o)
    0x0800027a   0x00000000   Code   RO         2389    .ARM.Collect$$libshutdown$$0000000E  c_w.l(libshutdown2.o)
    0x0800027a   0x00000002   Code   RO         2390    .ARM.Collect$$libshutdown$$0000000F  c_w.l(libshutdown2.o)
    0x0800027c   0x00000000   Code   RO         2231    .ARM.Collect$$rtentry$$00000000  c_w.l(__rtentry.o)
    0x0800027c   0x00000000   Code   RO         2262    .ARM.Collect$$rtentry$$00000002  c_w.l(__rtentry2.o)
    0x0800027c   0x00000006   Code   RO         2274    .ARM.Collect$$rtentry$$00000004  c_w.l(__rtentry4.o)
    0x08000282   0x00000000   Code   RO         2264    .ARM.Collect$$rtentry$$00000009  c_w.l(__rtentry2.o)
    0x08000282   0x00000004   Code   RO         2265    .ARM.Collect$$rtentry$$0000000A  c_w.l(__rtentry2.o)
    0x08000286   0x00000000   Code   RO         2267    .ARM.Collect$$rtentry$$0000000C  c_w.l(__rtentry2.o)
    0x08000286   0x00000008   Code   RO         2268    .ARM.Collect$$rtentry$$0000000D  c_w.l(__rtentry2.o)
    0x0800028e   0x00000002   Code   RO         2341    .ARM.Collect$$rtexit$$00000000  c_w.l(rtexit.o)
    0x08000290   0x00000000   Code   RO         2350    .ARM.Collect$$rtexit$$00000002  c_w.l(rtexit2.o)
    0x08000290   0x00000004   Code   RO         2351    .ARM.Collect$$rtexit$$00000003  c_w.l(rtexit2.o)
    0x08000294   0x00000006   Code   RO         2352    .ARM.Collect$$rtexit$$00000004  c_w.l(rtexit2.o)
    0x0800029a   0x00000002   PAD
    0x0800029c   0x000004d0   Code   RO            3    .text               main.o
    0x0800076c   0x00000014   Code   RO          221    .text               stm32f4xx_it.o
    0x08000780   0x00000210   Code   RO          270    .text               system_stm32f4xx.o
    0x08000990   0x000000e0   Code   RO          296    .text               key.o
    0x08000a70   0x00000084   Code   RO          317    .text               led.o
    0x08000af4   0x00000070   Code   RO          337    .text               timer.o
    0x08000b64   0x00004ca8   Code   RO          357    .text               lcd.o
    0x0800580c   0x00000390   Code   RO          395    .text               lan8720.o
    0x08005b9c   0x000002a4   Code   RO          426    .text               sram.o
    0x08005e40   0x00000040   Code   RO          447    .text               startup_stm32f40_41xxx.o
    0x08005e80   0x000000e0   Code   RO          453    .text               misc.o
    0x08005f60   0x00000294   Code   RO          473    .text               stm32f4xx_gpio.o
    0x080061f4   0x0000065c   Code   RO          493    .text               stm32f4xx_rcc.o
    0x08006850   0x00000094   Code   RO          515    .text               stm32f4xx_syscfg.o
    0x080068e4   0x00000ca2   Code   RO          535    .text               stm32f4xx_tim.o
    0x08007586   0x00000002   PAD
    0x08007588   0x00000454   Code   RO          555    .text               stm32f4xx_usart.o
    0x080079dc   0x00000e40   Code   RO          575    .text               stm32f4x7_eth.o
    0x0800881c   0x000005c8   Code   RO          622    .text               stm32f4xx_fsmc.o
    0x08008de4   0x00000128   Code   RO          645    .text               delay.o
    0x08008f0c   0x00000158   Code   RO          685    .text               usart.o
    0x08009064   0x00000c3c   Code   RO          716    .text               usmart.o
    0x08009ca0   0x00000528   Code   RO          761    .text               usmart_str.o
    0x0800a1c8   0x0000051c   Code   RO          781    .text               lwip_comm.o
    0x0800a6e4   0x00000228   Code   RO          906    .text               tcp_server_demo.o
    0x0800a90c   0x00000e84   Code   RO          948    .text               etharp.o
    0x0800b790   0x00000228   Code   RO          992    .text               ethernetif.o
    0x0800b9b8   0x00000424   Code   RO         1044    .text               icmp.o
    0x0800bddc   0x000002b4   Code   RO         1109    .text               inet_chksum.o
    0x0800c090   0x00000430   Code   RO         1129    .text               ip.o
    0x0800c4c0   0x0000032c   Code   RO         1164    .text               ip_addr.o
    0x0800c7ec   0x00000a28   Code   RO         1198    .text               ip_frag.o
    0x0800d214   0x0000003e   Code   RO         1223    .text               def.o
    0x0800d252   0x00000002   PAD
    0x0800d254   0x00001a6c   Code   RO         1243    .text               dhcp.o
    0x0800ecc0   0x00000024   Code   RO         1285    .text               init.o
    0x0800ece4   0x000001d4   Code   RO         1320    .text               memp.o
    0x0800eeb8   0x00000340   Code   RO         1361    .text               netif.o
    0x0800f1f8   0x000010a0   Code   RO         1391    .text               pbuf.o
    0x08010298   0x0000024c   Code   RO         1411    .text               raw.o
    0x080104e4   0x0000148c   Code   RO         1447    .text               tcp.o
    0x08011970   0x00001878   Code   RO         1479    .text               tcp_in.o
    0x080131e8   0x00001346   Code   RO         1510    .text               tcp_out.o
    0x0801452e   0x00000002   PAD
    0x08014530   0x00000330   Code   RO         1531    .text               timers.o
    0x08014860   0x000005e8   Code   RO         1580    .text               udp.o
    0x08014e48   0x00000744   Code   RO         1617    .text               mem.o
    0x0801558c   0x000003d4   Code   RO         1640    .text               sys_arch.o
    0x08015960   0x00000bfc   Code   RO         1673    .text               api_lib.o
    0x0801655c   0x000017c0   Code   RO         1712    .text               api_msg.o
    0x08017d1c   0x000003b0   Code   RO         1755    .text               netbuf.o
    0x080180cc   0x00001c58   Code   RO         1806    .text               sockets.o
    0x08019d24   0x000003b8   Code   RO         1830    .text               tcpip.o
    0x0801a0dc   0x00000970   Code   RO         1861    .text               os_core.o
    0x0801aa4c   0x0000080c   Code   RO         1889    .text               os_flag.o
    0x0801b258   0x000001e4   Code   RO         1929    .text               os_mem.o
    0x0801b43c   0x000005f8   Code   RO         1969    .text               os_q.o
    0x0801ba34   0x000003dc   Code   RO         1989    .text               os_sem.o
    0x0801be10   0x000007c4   Code   RO         2009    .text               os_task.o
    0x0801c5d4   0x000001b0   Code   RO         2029    .text               os_time.o
    0x0801c784   0x00000670   Code   RO         2049    .text               os_tmr.o
    0x0801cdf4   0x000001e8   Code   RO         2069    .text               os_cpu_c.o
    0x0801cfdc   0x000000c8   Code   RO         2097    .text               os_cpu_a.o
    0x0801d0a4   0x00000234   Code   RO         2102    .text               malloc.o
    0x0801d2d8   0x00000002   Code   RO         2134    .text               c_w.l(use_no_semi_2.o)
    0x0801d2da   0x00000002   PAD
    0x0801d2dc   0x00000010   Code   RO         2136    .text               c_w.l(rt_ctype_table.o)
    0x0801d2ec   0x00000018   Code   RO         2142    .text               c_w.l(noretval__2printf.o)
    0x0801d304   0x00000028   Code   RO         2144    .text               c_w.l(noretval__2sprintf.o)
    0x0801d32c   0x0000004e   Code   RO         2148    .text               c_w.l(_printf_pad.o)
    0x0801d37a   0x00000052   Code   RO         2150    .text               c_w.l(_printf_str.o)
    0x0801d3cc   0x00000078   Code   RO         2152    .text               c_w.l(_printf_dec.o)
    0x0801d444   0x00000058   Code   RO         2157    .text               c_w.l(_printf_hex_int.o)
    0x0801d49c   0x00000188   Code   RO         2192    .text               c_w.l(__printf_flags_ss_wp.o)
    0x0801d624   0x00000058   Code   RO         2201    .text               c_w.l(memcmp.o)
    0x0801d67c   0x0000003e   Code   RO         2203    .text               c_w.l(strlen.o)
    0x0801d6ba   0x0000008a   Code   RO         2205    .text               c_w.l(rt_memcpy_v6.o)
    0x0801d744   0x00000044   Code   RO         2207    .text               c_w.l(rt_memclr.o)
    0x0801d788   0x0000004e   Code   RO         2209    .text               c_w.l(rt_memclr_w.o)
    0x0801d7d6   0x00000002   PAD
    0x0801d7d8   0x00000080   Code   RO         2211    .text               c_w.l(strcmpv7m.o)
    0x0801d858   0x00000006   Code   RO         2213    .text               c_w.l(heapauxi.o)
    0x0801d85e   0x00000002   Code   RO         2229    .text               c_w.l(use_no_semi.o)
    0x0801d860   0x00000008   Code   RO         2235    .text               c_w.l(rt_locale_intlibspace.o)
    0x0801d868   0x000000b2   Code   RO         2237    .text               c_w.l(_printf_intcommon.o)
    0x0801d91a   0x00000002   PAD
    0x0801d91c   0x00000030   Code   RO         2239    .text               c_w.l(_printf_char_common.o)
    0x0801d94c   0x0000000a   Code   RO         2241    .text               c_w.l(_sputc.o)
    0x0801d956   0x0000002c   Code   RO         2243    .text               c_w.l(_printf_char.o)
    0x0801d982   0x00000002   PAD
    0x0801d984   0x00000024   Code   RO         2245    .text               c_w.l(_printf_char_file.o)
    0x0801d9a8   0x00000064   Code   RO         2251    .text               c_w.l(rt_memcpy_w.o)
    0x0801da0c   0x00000008   Code   RO         2258    .text               c_w.l(libspace.o)
    0x0801da14   0x00000008   Code   RO         2278    .text               c_w.l(ferror.o)
    0x0801da1c   0x0000004a   Code   RO         2327    .text               c_w.l(sys_stackheap_outer.o)
    0x0801da66   0x0000000c   Code   RO         2329    .text               c_w.l(exit.o)
    0x0801da72   0x0000000e   Code   RO         2185    i._is_digit         c_w.l(__printf_wp.o)
    0x0801da80   0x0000002c   Code   RO         2249    locale$$code        c_w.l(lc_ctype_c.o)
    0x0801daac   0x0000005a   Code   RO         2217    x$fpl$dfixu         fz_wm.l(dfixu.o)
    0x0801db06   0x00000026   Code   RO         2221    x$fpl$dfltu         fz_wm.l(dflt_clz.o)
    0x0801db2c   0x00000154   Code   RO         2227    x$fpl$dmul          fz_wm.l(dmul.o)
    0x0801dc80   0x0000009c   Code   RO         2253    x$fpl$dnaninf       fz_wm.l(dnaninf.o)
    0x0801dd1c   0x0000000c   Code   RO         2255    x$fpl$dretinf       fz_wm.l(dretinf.o)
    0x0801dd28   0x0000000a   Code   RO         2339    x$fpl$fpinit        fz_wm.l(fpinit.o)
    0x0801dd32   0x00000000   Code   RO         2257    x$fpl$usenofp       fz_wm.l(usenofp.o)
    0x0801dd32   0x000017c0   Data   RO          359    .constdata          lcd.o
    0x0801f4f2   0x00000002   PAD
    0x0801f4f4   0x0000001c   Data   RO          623    .constdata          stm32f4xx_fsmc.o
    0x0801f510   0x0000000c   Data   RO          950    .constdata          etharp.o
    0x0801f51c   0x00000008   Data   RO         1166    .constdata          ip_addr.o
    0x0801f524   0x00000038   Data   RO         1322    .constdata          memp.o
    0x0801f55c   0x00000050   Data   RO         1448    .constdata          tcp.o
    0x0801f5ac   0x00000004   Data   RO         1641    .constdata          sys_arch.o
    0x0801f5b0   0x00000040   Data   RO         1808    .constdata          sockets.o
    0x0801f5f0   0x00000100   Data   RO         1863    .constdata          os_core.o
    0x0801f6f0   0x00000024   Data   RO         2108    .constdata          malloc.o
    0x0801f714   0x00000028   Data   RO         2158    .constdata          c_w.l(_printf_hex_int.o)
    0x0801f73c   0x00000011   Data   RO         2193    .constdata          c_w.l(__printf_flags_ss_wp.o)
    0x0801f74d   0x00000003   PAD
    0x0801f750   0x00000028   Data   RO          717    .conststring        usmart.o
    0x0801f778   0x00000107   Data   RO          740    .conststring        usmart_config.o
    0x0801f87f   0x00000001   PAD
    0x0801f880   0x00000032   Data   RO          908    .conststring        tcp_server_demo.o
    0x0801f8b2   0x00000002   PAD
    0x0801f8b4   0x00000044   Data   RO          951    .conststring        etharp.o
    0x0801f8f8   0x0000008c   Data   RO         1245    .conststring        dhcp.o
    0x0801f984   0x000000a0   Data   RO         1323    .conststring        memp.o
    0x0801fa24   0x0000006d   Data   RO         1449    .conststring        tcp.o
    0x0801fa91   0x00000003   PAD
    0x0801fa94   0x00000055   Data   RO         1511    .conststring        tcp_out.o
    0x0801fae9   0x00000003   PAD
    0x0801faec   0x00000020   Data   RO         2411    Region$$Table       anon$$obj.o
    0x0801fb0c   0x00000110   Data   RO         2248    locale$$data        c_w.l(lc_ctype_c.o)


    Execution Region RW_IRAM1 (Base: 0x20000000, Size: 0x0001d8d0, Max: 0x00020000, ABSOLUTE, COMPRESSED[0x000000d0])

    Base Addr    Size         Type   Attr      Idx    E Section Name        Object

    0x20000000   0x00000014   Data   RW          271    .data               system_stm32f4xx.o
    0x20000014   0x00000001   Data   RW          297    .data               key.o
    0x20000015   0x00000001   PAD
    0x20000016   0x00000004   Data   RW          360    .data               lcd.o
    0x2000001a   0x00000002   PAD
    0x2000001c   0x00000010   Data   RW          396    .data               lan8720.o
    0x2000002c   0x00000010   Data   RW          494    .data               stm32f4xx_rcc.o
    0x2000003c   0x00000010   Data   RW          577    .data               stm32f4x7_eth.o
    0x2000004c   0x00000004   Data   RW          646    .data               delay.o
    0x20000050   0x00000006   Data   RW          687    .data               usart.o
    0x20000056   0x00000002   PAD
    0x20000058   0x0000001c   Data   RW          718    .data               usmart.o
    0x20000074   0x00000124   Data   RW          741    .data               usmart_config.o
    0x20000198   0x00000008   Data   RW          783    .data               lwip_comm.o
    0x200001a0   0x0000000e   Data   RW          909    .data               tcp_server_demo.o
    0x200001ae   0x00000001   Data   RW          952    .data               etharp.o
    0x200001af   0x00000001   PAD
    0x200001b0   0x00000012   Data   RW         1130    .data               ip.o
    0x200001c2   0x00000002   PAD
    0x200001c4   0x00000006   Data   RW         1199    .data               ip_frag.o
    0x200001ca   0x00000002   PAD
    0x200001cc   0x00000004   Data   RW         1246    .data               dhcp.o
    0x200001d0   0x0000003c   Data   RW         1324    .data               memp.o
    0x2000020c   0x00000009   Data   RW         1362    .data               netif.o
    0x20000215   0x00000003   PAD
    0x20000218   0x00000004   Data   RW         1412    .data               raw.o
    0x2000021c   0x00000024   Data   RW         1450    .data               tcp.o
    0x20000240   0x00000020   Data   RW         1481    .data               tcp_in.o
    0x20000260   0x00000008   Data   RW         1532    .data               timers.o
    0x20000268   0x00000008   Data   RW         1581    .data               udp.o
    0x20000270   0x00000014   Data   RW         1618    .data               mem.o
    0x20000284   0x00000008   Data   RW         1809    .data               sockets.o
    0x2000028c   0x0000000c   Data   RW         1831    .data               tcpip.o
    0x20000298   0x00000060   Data   RW         1864    .data               os_core.o
    0x200002f8   0x00000006   Data   RW         2070    .data               os_cpu_c.o
    0x200002fe   0x00000002   PAD
    0x20000300   0x00000024   Data   RW         2109    .data               malloc.o
    0x20000324   0x00000700   Zero   RW            4    .bss                main.o
    0x20000a24   0x0000000e   Zero   RW          358    .bss                lcd.o
    0x20000a32   0x00000002   PAD
    0x20000a34   0x0000000c   Zero   RW          576    .bss                stm32f4x7_eth.o
    0x20000a40   0x000000c8   Zero   RW          686    .bss                usart.o
    0x20000b08   0x0000004c   Zero   RW          782    .bss                lwip_comm.o
    0x20000b54   0x00000c80   Zero   RW          907    .bss                tcp_server_demo.o
    0x200017d4   0x000000c8   Zero   RW          949    .bss                etharp.o
    0x2000189c   0x00000010   Zero   RW         1165    .bss                ip_addr.o
    0x200018ac   0x00000032   Zero   RW         1244    .bss                dhcp.o
    0x200018de   0x00000002   PAD
    0x200018e0   0x00000038   Zero   RW         1321    .bss                memp.o
    0x20001918   0x00000014   Zero   RW         1480    .bss                tcp_in.o
    0x2000192c   0x00000060   Zero   RW         1807    .bss                sockets.o
    0x2000198c   0x00000fe0   Zero   RW         1862    .bss                os_core.o
    0x2000296c   0x0001a900   Zero   RW         2107    .bss                malloc.o
    0x2001d26c   0x00000060   Zero   RW         2259    .bss                c_w.l(libspace.o)
    0x2001d2cc   0x00000004   PAD
    0x2001d2d0   0x00000200   Zero   RW          445    HEAP                startup_stm32f40_41xxx.o
    0x2001d4d0   0x00000400   Zero   RW          444    STACK               startup_stm32f40_41xxx.o



  Load Region LR$$.ARM.__AT_0x10000000 (Base: 0x10000000, Size: 0x00000000, Max: 0x0000f000, ABSOLUTE)

    Execution Region ER$$.ARM.__AT_0x10000000 (Base: 0x10000000, Size: 0x0000f000, Max: 0x0000f000, ABSOLUTE, UNINIT)

    Base Addr    Size         Type   Attr      Idx    E Section Name        Object

    0x10000000   0x0000f000   Zero   RW         2103    .ARM.__AT_0x10000000  malloc.o



  Load Region LR$$.ARM.__AT_0x1000F000 (Base: 0x1000f000, Size: 0x00000000, Max: 0x00000f00, ABSOLUTE)

    Execution Region ER$$.ARM.__AT_0x1000F000 (Base: 0x1000f000, Size: 0x00000f00, Max: 0x00000f00, ABSOLUTE, UNINIT)

    Base Addr    Size         Type   Attr      Idx    E Section Name        Object

    0x1000f000   0x00000f00   Zero   RW         2104    .ARM.__AT_0x1000F000  malloc.o



  Load Region LR$$.ARM.__AT_0x68000000 (Base: 0x68000000, Size: 0x00000000, Max: 0x00032000, ABSOLUTE)

    Execution Region ER$$.ARM.__AT_0x68000000 (Base: 0x68000000, Size: 0x00032000, Max: 0x00032000, ABSOLUTE, UNINIT)

    Base Addr    Size         Type   Attr      Idx    E Section Name        Object

    0x68000000   0x00032000   Zero   RW         2105    .ARM.__AT_0x68000000  malloc.o



  Load Region LR$$.ARM.__AT_0x68032000 (Base: 0x68032000, Size: 0x00000000, Max: 0x00003200, ABSOLUTE)

    Execution Region ER$$.ARM.__AT_0x68032000 (Base: 0x68032000, Size: 0x00003200, Max: 0x00003200, ABSOLUTE, UNINIT)

    Base Addr    Size         Type   Attr      Idx    E Section Name        Object

    0x68032000   0x00003200   Zero   RW         2106    .ARM.__AT_0x68032000  malloc.o


==============================================================================

Image component sizes


      Code (inc. data)   RO Data    RW Data    ZI Data      Debug   Object Name

      3068        818          0          0          0      17733   api_lib.o
      6080       1222          0          0          0      10247   api_msg.o
        62          0          0          0          0       1254   def.o
       296         16          0          4          0       1845   delay.o
      6764       1090        140          4         50      13262   dhcp.o
      3716        604         80          1        200      10647   etharp.o
       552        134          0          0          0       4858   ethernetif.o
      1060        372          0          0          0       6901   icmp.o
         0          0          0          0          0       1884   inet.o
       692        104          0          0          0       3049   inet_chksum.o
        36          0          0          0          0       4628   init.o
      1072        172          0         18          0       7263   ip.o
       812        112          8          0         16      10763   ip_addr.o
      2600        486          0          6          0       7440   ip_frag.o
       224         20          0          1          0        888   key.o
       912         56          0         16          0       3797   lan8720.o
     19624        168       6080          4         14      22358   lcd.o
       132         10          0          0          0        859   led.o
      1308        474          0          8         76      31300   lwip_comm.o
      1232        338          0          0       1792     339818   main.o
       564         18         36         36     391680       4935   malloc.o
      1860        568          0         20          0       4198   mem.o
       468        196        216         60         56       3200   memp.o
       224         20          0          0          0       2005   misc.o
       944        340          0          0          0       3057   netbuf.o
       832        124          0          9          0       6505   netif.o
      2416        248        256         96       4064      17112   os_core.o
       200         32          0          0          0        344   os_cpu_a.o
       488          8          0          6          0      12346   os_cpu_c.o
      2060         42          0          0          0       6952   os_flag.o
       484         16          0          0          0       3176   os_mem.o
      1528         34          0          0          0       5593   os_q.o
       988         64          0          0          0       3958   os_sem.o
      1988         70          0          0          0       7609   os_task.o
       432         30          0          0          0       1830   os_time.o
      1648        134          0          0          0       5573   os_tmr.o
      4256       1236          0          0          0       9309   pbuf.o
       588        134          0          4          0       3441   raw.o
      7256        666         64          8         96      17578   sockets.o
       676         18          0          0          0       2285   sram.o
        64         26        392          0       1536        856   startup_stm32f40_41xxx.o
      3648         96          0         16         12      19802   stm32f4x7_eth.o
      1480         18         28          0          0       5850   stm32f4xx_fsmc.o
       660         44          0          0          0       4281   stm32f4xx_gpio.o
        20          0          0          0          0        971   stm32f4xx_it.o
      1628         52          0         16          0      13116   stm32f4xx_rcc.o
       148         12          0          0          0       1925   stm32f4xx_syscfg.o
      3234         60          0          0          0      22484   stm32f4xx_tim.o
      1108         34          0          0          0       7984   stm32f4xx_usart.o
       980        166          4          0          0       6430   sys_arch.o
       528         46          0         20          0       1855   system_stm32f4xx.o
      5260       1092        189         36          0      21807   tcp.o
      6264        964          0         32         20      15215   tcp_in.o
      4934        954         85          0          0       9751   tcp_out.o
       552        142         50         14       3200      10265   tcp_server_demo.o
       952        194          0         12          0      10012   tcpip.o
       112          4          0          0          0        820   timer.o
       816        186          0          8          0       3615   timers.o
      1512        202          0          8          0      14405   udp.o
       344         16          0          6        200       3394   usart.o
      3132       1290         40         28          0       4354   usmart.o
         0          0        263        292          0       1656   usmart_config.o
      1320         12          0          0          0       5217   usmart_str.o

    ----------------------------------------------------------------------
    118844      15804       7974        804     403016     807865   Object Totals
         0          0         32          0          0          0   (incl. Generated)
         6          0         11         15          4          0   (incl. Padding)

    ----------------------------------------------------------------------

      Code (inc. data)   RO Data    RW Data    ZI Data      Debug   Library Member Name

        90          0          0          0          0          0   __dczerorl2.o
         8          0          0          0          0         68   __main.o
       392          4         17          0          0         92   __printf_flags_ss_wp.o
        14          0          0          0          0         68   __printf_wp.o
         0          0          0          0          0          0   __rtentry.o
        12          0          0          0          0          0   __rtentry2.o
         6          0          0          0          0          0   __rtentry4.o
        52          8          0          0          0          0   __scatter.o
        28          0          0          0          0          0   __scatter_zi.o
         6          0          0          0          0          0   _printf_c.o
        44          0          0          0          0        108   _printf_char.o
        48          6          0          0          0         96   _printf_char_common.o
        36          4          0          0          0         80   _printf_char_file.o
         6          0          0          0          0          0   _printf_d.o
       120         16          0          0          0         92   _printf_dec.o
        88          4         40          0          0         88   _printf_hex_int.o
       178          0          0          0          0         88   _printf_intcommon.o
        78          0          0          0          0        108   _printf_pad.o
         0          0          0          0          0          0   _printf_percent.o
         4          0          0          0          0          0   _printf_percent_end.o
         6          0          0          0          0          0   _printf_s.o
        82          0          0          0          0         80   _printf_str.o
         6          0          0          0          0          0   _printf_u.o
         6          0          0          0          0          0   _printf_x.o
        10          0          0          0          0         68   _sputc.o
        12          0          0          0          0         72   exit.o
         8          0          0          0          0         68   ferror.o
         6          0          0          0          0        152   heapauxi.o
        44         10        272          0          0         76   lc_ctype_c.o
         2          0          0          0          0          0   libinit.o
        24          0          0          0          0          0   libinit2.o
         2          0          0          0          0          0   libshutdown.o
         2          0          0          0          0          0   libshutdown2.o
         8          4          0          0         96         68   libspace.o
        88          0          0          0          0         76   memcmp.o
        24          4          0          0          0         84   noretval__2printf.o
        40          6          0          0          0         84   noretval__2sprintf.o
        16          4          0          0          0         76   rt_ctype_table.o
         8          4          0          0          0         68   rt_locale_intlibspace.o
        68          0          0          0          0         68   rt_memclr.o
        78          0          0          0          0         80   rt_memclr_w.o
       138          0          0          0          0         68   rt_memcpy_v6.o
       100          0          0          0          0         80   rt_memcpy_w.o
         2          0          0          0          0          0   rtexit.o
        10          0          0          0          0          0   rtexit2.o
       128          0          0          0          0         68   strcmpv7m.o
        62          0          0          0          0         76   strlen.o
        74          0          0          0          0         80   sys_stackheap_outer.o
         2          0          0          0          0         68   use_no_semi.o
         2          0          0          0          0         68   use_no_semi_2.o
        90          4          0          0          0        140   dfixu.o
        38          0          0          0          0        116   dflt_clz.o
       340         12          0          0          0        152   dmul.o
       156          4          0          0          0        140   dnaninf.o
        12          0          0          0          0        116   dretinf.o
        10          0          0          0          0        116   fpinit.o
         0          0          0          0          0          0   usenofp.o

    ----------------------------------------------------------------------
      2926         94        332          0        100       3296   Library Totals
        12          0          3          0          4          0   (incl. Padding)

    ----------------------------------------------------------------------

      Code (inc. data)   RO Data    RW Data    ZI Data      Debug   Library Name

      2268         74        329          0         96       2516   c_w.l
       646         20          0          0          0        780   fz_wm.l

    ----------------------------------------------------------------------
      2926         94        332          0        100       3296   Library Totals

    ----------------------------------------------------------------------

==============================================================================


      Code (inc. data)   RO Data    RW Data    ZI Data      Debug   

    121770      15898       8306        804     403116     797057   Grand Totals
    121770      15898       8306        208     403116     797057   ELF Image Totals (compressed)
    121770      15898       8306        208          0          0   ROM Totals

==============================================================================

    Total RO  Size (Code + RO Data)               130076 ( 127.03kB)
    Total RW  Size (RW Data + ZI Data)            403920 ( 394.45kB)
    Total ROM Size (Code + RO Data + RW Data)     130284 ( 127.23kB)

==============================================================================

